­ƒÜÇ Iniciando teste local do TikTok Events API...

­ƒôª Payload sendo enviado:
{
  "pixel_code": "D65KLI3C77UC1EV4ENPG",
  "event": "ViewContent",
  "event_time": 1770744785,
  "event_id": "evt_1770744785820",
  "test_event_code": "TEST70527",
  "user": {
    "ip": "127.0.0.1",
    "user_agent": "Mozilla/5.0 (Windows NT 10.0; Win64; x64) AppleWebKit/537.36 (KHTML, like Gecko) Chrome/91.0.4472.124 Safari/537.36",
    "email": "44666ae053e9c2e7e0816335b17c75c077834cc2da72c5ce72490de64adc4428",
    "phone_number": "a869177964cc68954ffec997bbad30769f8a5a6fdc60f296ddbc60b9347dc416"
  },
  "properties": {
    "currency": "BRL",
    "value": 10,
    "content_type": "product",
    "content_id": "test-product-1",
    "url": "https://sinaldouniverso.netlify.app"
  }
}
